// Jest Snapshot v1, https://goo.gl/fbAQLP

exports[`should render ExpensEditPage 1`] = `
<div>
  <h1>
    This is From ExpensEditPage 
  </h1>
  <ExpenseForm
    buttonText="Submit Edits"
    expense={
      Object {
        "amount": 1000,
        "createdAt": 0,
        "desc": "Rent",
        "id": "1",
        "note": "This is home rent",
      }
    }
    onSubmit={[Function]}
  />
  <button
    onClick={[Function]}
  >
    Remove
  </button>
</div>
`;
