// Jest Snapshot v1, https://goo.gl/fbAQLP

exports[`Should setup expense list item 1`] = `
<div>
  <Link
    replace={false}
    to="/edit/1"
  >
    <h3>
      Rent
    </h3>
  </Link>
  <p>
    Created At 
    0
     - $
    1000
  </p>
  <strong>
    This is home rent
  </strong>
  <input
    type="checkbox"
    value="1"
  />
</div>
`;
