// Jest Snapshot v1, https://goo.gl/fbAQLP

exports[`Should Setup the Header Correctly 1`] = `
<div>
  <h1>
    Expensifiy
  </h1>
  <NavLink
    activeClassName="is_active"
    exact={true}
    to="/"
  >
    Dashboard
  </NavLink>
  <NavLink
    activeClassName="is_active"
    to="/create"
  >
    Create Page
  </NavLink>
  <NavLink
    activeClassName="is_active"
    to="/help"
  >
    Help Page
  </NavLink>
</div>
`;
